../Src/circular_buffer.c:30:6:circular_buffer_init	4	static
../Src/circular_buffer.c:47:13:buff_store_char	24	static
../Src/circular_buffer.c:62:6:buffer_clear	16	static
../Src/circular_buffer.c:80:5:buffer_peek	16	static
../Src/circular_buffer.c:114:5:buffer_read	24	static
../Src/circular_buffer.c:155:6:buffer_write	24	static
../Src/circular_buffer.c:181:5:is_data	16	static
../Src/circular_buffer.c:199:13:get_first_char	16	static
../Src/circular_buffer.c:211:8:is_response	24	static
../Src/circular_buffer.c:237:6:get_strs	24	static
../Src/circular_buffer.c:248:6:buffer_send_string	16	static
../Src/circular_buffer.c:262:6:bluetooth_uart_callback	16	static
../Src/circular_buffer.c:290:6:debug_uart_callback	16	static
../Src/circular_buffer.c:318:6:USART1_IRQHandler	8	static
../Src/circular_buffer.c:323:6:USART2_IRQHandler	8	static
