../Src/bsp.c:17:6:SERVO_Pin_Init	4	static
../Src/bsp.c:48:6:TIM2_CH1_Init	4	static
../Src/bsp.c:88:6:TIM5_CH1_Init	4	static
../Src/bsp.c:122:6:Servo_Move_Left_90_Degree	8	static
../Src/bsp.c:129:6:Servo_Move_Center	4	static
../Src/bsp.c:134:6:Servo_Move_Right_90_Degree	8	static
../Src/bsp.c:141:6:led_dimmer	16	static
../Src/bsp.c:157:6:delayMs	24	static
../Src/bsp.c:166:6:led_init	4	static
../Src/bsp.c:192:6:led_on	4	static
../Src/bsp.c:198:6:led_off	4	static
../Src/bsp.c:204:7:button_init	4	static
