C:/Users/TuranyElijah/OneDrive - University of Wisconsin-Stout/Documents/School/2024Spring/Microproccessor/Headers/CMSIS/Include/core_cm4.h:1679:22:__NVIC_EnableIRQ	16	static,ignoring_inline_asm
../Src/gen_bluetooth_driver.c:33:13:uart_write	16	static
../Src/gen_bluetooth_driver.c:40:5:__io_putchar	16	static
../Src/gen_bluetooth_driver.c:45:6:debug_uart_init	8	static
../Src/gen_bluetooth_driver.c:98:6:bluetooth_uart_init	8	static
../Src/gen_bluetooth_driver.c:144:17:compute_uart_bd	16	static
../Src/gen_bluetooth_driver.c:149:6:systick_delay_ms	24	static
