17:51:39 **** Incremental Build of configuration Debug for project FinalLockBox ****
make -j12 all 
arm-none-eabi-gcc "../Src/main.c" -mcpu=cortex-m4 -std=gnu11 -g3 -DDEBUG -DSTM32L4 -DSTM32 -DSTM32L476RGTx -DNUCLEO_L476RG -DSTM32L476xx -c -I../Inc -I"C:/Users/TuranyElijah/OneDrive - University of Wisconsin-Stout/Documents/School/2024Spring/Microproccessor/Headers/CMSIS/Device/ST/STM32L4xx/Include" -I"C:/Users/TuranyElijah/OneDrive - University of Wisconsin-Stout/Documents/School/2024Spring/Microproccessor/Headers/CMSIS/Include" -O0 -ffunction-sections -fdata-sections -Wall -fstack-usage -fcyclomatic-complexity -MMD -MP -MF"Src/main.d" -MT"Src/main.o" --specs=nano.specs -mfpu=fpv4-sp-d16 -mfloat-abi=hard -mthumb -o "Src/main.o"
arm-none-eabi-gcc -o "FinalLockBox.elf" @"objects.list"   -mcpu=cortex-m4 -T"C:\Users\TuranyElijah\STM32CubeIDE\workspace_1.14.1\FinalLockBox\STM32L476RGTX_FLASH.ld" --specs=nosys.specs -Wl,-Map="FinalLockBox.map" -Wl,--gc-sections -static --specs=nano.specs -mfpu=fpv4-sp-d16 -mfloat-abi=hard -mthumb -Wl,--start-group -lc -lm -Wl,--end-group
Finished building target: FinalLockBox.elf
 
arm-none-eabi-size  FinalLockBox.elf 
arm-none-eabi-objdump -h -S FinalLockBox.elf  > "FinalLockBox.list"
   text	   data	    bss	    dec	    hex	filename
   4136	    312	   1616	   6064	   17b0	FinalLockBox.elf
Finished building: default.size.stdout
 
Finished building: FinalLockBox.list
 
17:52:10 **** Incremental Build of configuration Debug for project FinalLockBox ****
make -j12 all 
arm-none-eabi-gcc "../Src/main.c" -mcpu=cortex-m4 -std=gnu11 -g3 -DDEBUG -DSTM32L4 -DSTM32 -DSTM32L476RGTx -DNUCLEO_L476RG -DSTM32L476xx -c -I../Inc -I"C:/Users/TuranyElijah/OneDrive - University of Wisconsin-Stout/Documents/School/2024Spring/Microproccessor/Headers/CMSIS/Device/ST/STM32L4xx/Include" -I"C:/Users/TuranyElijah/OneDrive - University of Wisconsin-Stout/Documents/School/2024Spring/Microproccessor/Headers/CMSIS/Include" -O0 -ffunction-sections -fdata-sections -Wall -fstack-usage -fcyclomatic-complexity -MMD -MP -MF"Src/main.d" -MT"Src/main.o" --specs=nano.specs -mfpu=fpv4-sp-d16 -mfloat-abi=hard -mthumb -o "Src/main.o"
arm-none-eabi-gcc -o "FinalLockBox.elf" @"objects.list"   -mcpu=cortex-m4 -T"C:\Users\TuranyElijah\STM32CubeIDE\workspace_1.14.1\FinalLockBox\STM32L476RGTX_FLASH.ld" --specs=nosys.specs -Wl,-Map="FinalLockBox.map" -Wl,--gc-sections -static --specs=nano.specs -mfpu=fpv4-sp-d16 -mfloat-abi=hard -mthumb -Wl,--start-group -lc -lm -Wl,--end-group
Finished building target: FinalLockBox.elf
 
arm-none-eabi-size  FinalLockBox.elf 
arm-none-eabi-objdump -h -S FinalLockBox.elf  > "FinalLockBox.list"
   text	   data	    bss	    dec	    hex	filename
   4136	    312	   1616	   6064	   17b0	FinalLockBox.elf
Finished building: default.size.stdout
 
Finished building: FinalLockBox.list
 
