11:50:32 **** Build of configuration Debug for project Lab13Part4 ****
make -j12 all 
arm-none-eabi-gcc "../Src/BT_SPP_lib.c" -mcpu=cortex-m4 -std=gnu11 -g3 -DDEBUG -DSTM32L4 -DSTM32 -DSTM32L476RGTx -DNUCLEO_L476RG -DSTM32L476xx -c -I../Inc -I"C:/Users/TuranyElijah/OneDrive - University of Wisconsin-Stout/Documents/School/2024Spring/Microproccessor/Headers/CMSIS/Device/ST/STM32L4xx/Include" -I"C:/Users/TuranyElijah/OneDrive - University of Wisconsin-Stout/Documents/School/2024Spring/Microproccessor/Headers/CMSIS/Include" -O0 -ffunction-sections -fdata-sections -Wall -fstack-usage -fcyclomatic-complexity -MMD -MP -MF"Src/BT_SPP_lib.d" -MT"Src/BT_SPP_lib.o" --specs=nano.specs -mfpu=fpv4-sp-d16 -mfloat-abi=hard -mthumb -o "Src/BT_SPP_lib.o"
arm-none-eabi-gcc "../Src/PLL.c" -mcpu=cortex-m4 -std=gnu11 -g3 -DDEBUG -DSTM32L4 -DSTM32 -DSTM32L476RGTx -DNUCLEO_L476RG -DSTM32L476xx -c -I../Inc -I"C:/Users/TuranyElijah/OneDrive - University of Wisconsin-Stout/Documents/School/2024Spring/Microproccessor/Headers/CMSIS/Device/ST/STM32L4xx/Include" -I"C:/Users/TuranyElijah/OneDrive - University of Wisconsin-Stout/Documents/School/2024Spring/Microproccessor/Headers/CMSIS/Include" -O0 -ffunction-sections -fdata-sections -Wall -fstack-usage -fcyclomatic-complexity -MMD -MP -MF"Src/PLL.d" -MT"Src/PLL.o" --specs=nano.specs -mfpu=fpv4-sp-d16 -mfloat-abi=hard -mthumb -o "Src/PLL.o"
arm-none-eabi-gcc "../Src/bsp.c" -mcpu=cortex-m4 -std=gnu11 -g3 -DDEBUG -DSTM32L4 -DSTM32 -DSTM32L476RGTx -DNUCLEO_L476RG -DSTM32L476xx -c -I../Inc -I"C:/Users/TuranyElijah/OneDrive - University of Wisconsin-Stout/Documents/School/2024Spring/Microproccessor/Headers/CMSIS/Device/ST/STM32L4xx/Include" -I"C:/Users/TuranyElijah/OneDrive - University of Wisconsin-Stout/Documents/School/2024Spring/Microproccessor/Headers/CMSIS/Include" -O0 -ffunction-sections -fdata-sections -Wall -fstack-usage -fcyclomatic-complexity -MMD -MP -MF"Src/bsp.d" -MT"Src/bsp.o" --specs=nano.specs -mfpu=fpv4-sp-d16 -mfloat-abi=hard -mthumb -o "Src/bsp.o"
arm-none-eabi-gcc "../Src/circular_buffer.c" -mcpu=cortex-m4 -std=gnu11 -g3 -DDEBUG -DSTM32L4 -DSTM32 -DSTM32L476RGTx -DNUCLEO_L476RG -DSTM32L476xx -c -I../Inc -I"C:/Users/TuranyElijah/OneDrive - University of Wisconsin-Stout/Documents/School/2024Spring/Microproccessor/Headers/CMSIS/Device/ST/STM32L4xx/Include" -I"C:/Users/TuranyElijah/OneDrive - University of Wisconsin-Stout/Documents/School/2024Spring/Microproccessor/Headers/CMSIS/Include" -O0 -ffunction-sections -fdata-sections -Wall -fstack-usage -fcyclomatic-complexity -MMD -MP -MF"Src/circular_buffer.d" -MT"Src/circular_buffer.o" --specs=nano.specs -mfpu=fpv4-sp-d16 -mfloat-abi=hard -mthumb -o "Src/circular_buffer.o"
arm-none-eabi-gcc "../Src/fpu.c" -mcpu=cortex-m4 -std=gnu11 -g3 -DDEBUG -DSTM32L4 -DSTM32 -DSTM32L476RGTx -DNUCLEO_L476RG -DSTM32L476xx -c -I../Inc -I"C:/Users/TuranyElijah/OneDrive - University of Wisconsin-Stout/Documents/School/2024Spring/Microproccessor/Headers/CMSIS/Device/ST/STM32L4xx/Include" -I"C:/Users/TuranyElijah/OneDrive - University of Wisconsin-Stout/Documents/School/2024Spring/Microproccessor/Headers/CMSIS/Include" -O0 -ffunction-sections -fdata-sections -Wall -fstack-usage -fcyclomatic-complexity -MMD -MP -MF"Src/fpu.d" -MT"Src/fpu.o" --specs=nano.specs -mfpu=fpv4-sp-d16 -mfloat-abi=hard -mthumb -o "Src/fpu.o"
arm-none-eabi-gcc "../Src/gen_bluetooth_driver.c" -mcpu=cortex-m4 -std=gnu11 -g3 -DDEBUG -DSTM32L4 -DSTM32 -DSTM32L476RGTx -DNUCLEO_L476RG -DSTM32L476xx -c -I../Inc -I"C:/Users/TuranyElijah/OneDrive - University of Wisconsin-Stout/Documents/School/2024Spring/Microproccessor/Headers/CMSIS/Device/ST/STM32L4xx/Include" -I"C:/Users/TuranyElijah/OneDrive - University of Wisconsin-Stout/Documents/School/2024Spring/Microproccessor/Headers/CMSIS/Include" -O0 -ffunction-sections -fdata-sections -Wall -fstack-usage -fcyclomatic-complexity -MMD -MP -MF"Src/gen_bluetooth_driver.d" -MT"Src/gen_bluetooth_driver.o" --specs=nano.specs -mfpu=fpv4-sp-d16 -mfloat-abi=hard -mthumb -o "Src/gen_bluetooth_driver.o"
arm-none-eabi-gcc "../Src/gpio.c" -mcpu=cortex-m4 -std=gnu11 -g3 -DDEBUG -DSTM32L4 -DSTM32 -DSTM32L476RGTx -DNUCLEO_L476RG -DSTM32L476xx -c -I../Inc -I"C:/Users/TuranyElijah/OneDrive - University of Wisconsin-Stout/Documents/School/2024Spring/Microproccessor/Headers/CMSIS/Device/ST/STM32L4xx/Include" -I"C:/Users/TuranyElijah/OneDrive - University of Wisconsin-Stout/Documents/School/2024Spring/Microproccessor/Headers/CMSIS/Include" -O0 -ffunction-sections -fdata-sections -Wall -fstack-usage -fcyclomatic-complexity -MMD -MP -MF"Src/gpio.d" -MT"Src/gpio.o" --specs=nano.specs -mfpu=fpv4-sp-d16 -mfloat-abi=hard -mthumb -o "Src/gpio.o"
arm-none-eabi-gcc "../Src/main.c" -mcpu=cortex-m4 -std=gnu11 -g3 -DDEBUG -DSTM32L4 -DSTM32 -DSTM32L476RGTx -DNUCLEO_L476RG -DSTM32L476xx -c -I../Inc -I"C:/Users/TuranyElijah/OneDrive - University of Wisconsin-Stout/Documents/School/2024Spring/Microproccessor/Headers/CMSIS/Device/ST/STM32L4xx/Include" -I"C:/Users/TuranyElijah/OneDrive - University of Wisconsin-Stout/Documents/School/2024Spring/Microproccessor/Headers/CMSIS/Include" -O0 -ffunction-sections -fdata-sections -Wall -fstack-usage -fcyclomatic-complexity -MMD -MP -MF"Src/main.d" -MT"Src/main.o" --specs=nano.specs -mfpu=fpv4-sp-d16 -mfloat-abi=hard -mthumb -o "Src/main.o"
arm-none-eabi-gcc "../Src/syscalls.c" -mcpu=cortex-m4 -std=gnu11 -g3 -DDEBUG -DSTM32L4 -DSTM32 -DSTM32L476RGTx -DNUCLEO_L476RG -DSTM32L476xx -c -I../Inc -I"C:/Users/TuranyElijah/OneDrive - University of Wisconsin-Stout/Documents/School/2024Spring/Microproccessor/Headers/CMSIS/Device/ST/STM32L4xx/Include" -I"C:/Users/TuranyElijah/OneDrive - University of Wisconsin-Stout/Documents/School/2024Spring/Microproccessor/Headers/CMSIS/Include" -O0 -ffunction-sections -fdata-sections -Wall -fstack-usage -fcyclomatic-complexity -MMD -MP -MF"Src/syscalls.d" -MT"Src/syscalls.o" --specs=nano.specs -mfpu=fpv4-sp-d16 -mfloat-abi=hard -mthumb -o "Src/syscalls.o"
arm-none-eabi-gcc "../Src/sysmem.c" -mcpu=cortex-m4 -std=gnu11 -g3 -DDEBUG -DSTM32L4 -DSTM32 -DSTM32L476RGTx -DNUCLEO_L476RG -DSTM32L476xx -c -I../Inc -I"C:/Users/TuranyElijah/OneDrive - University of Wisconsin-Stout/Documents/School/2024Spring/Microproccessor/Headers/CMSIS/Device/ST/STM32L4xx/Include" -I"C:/Users/TuranyElijah/OneDrive - University of Wisconsin-Stout/Documents/School/2024Spring/Microproccessor/Headers/CMSIS/Include" -O0 -ffunction-sections -fdata-sections -Wall -fstack-usage -fcyclomatic-complexity -MMD -MP -MF"Src/sysmem.d" -MT"Src/sysmem.o" --specs=nano.specs -mfpu=fpv4-sp-d16 -mfloat-abi=hard -mthumb -o "Src/sysmem.o"
arm-none-eabi-gcc "../Src/timebase.c" -mcpu=cortex-m4 -std=gnu11 -g3 -DDEBUG -DSTM32L4 -DSTM32 -DSTM32L476RGTx -DNUCLEO_L476RG -DSTM32L476xx -c -I../Inc -I"C:/Users/TuranyElijah/OneDrive - University of Wisconsin-Stout/Documents/School/2024Spring/Microproccessor/Headers/CMSIS/Device/ST/STM32L4xx/Include" -I"C:/Users/TuranyElijah/OneDrive - University of Wisconsin-Stout/Documents/School/2024Spring/Microproccessor/Headers/CMSIS/Include" -O0 -ffunction-sections -fdata-sections -Wall -fstack-usage -fcyclomatic-complexity -MMD -MP -MF"Src/timebase.d" -MT"Src/timebase.o" --specs=nano.specs -mfpu=fpv4-sp-d16 -mfloat-abi=hard -mthumb -o "Src/timebase.o"
../Src/main.c: In function 'main':
../Src/main.c:23:17: warning: implicit declaration of function 'buffer_send_string'; did you mean 'buffer_send_String'? [-Wimplicit-function-declaration]
   23 |                 buffer_send_string(data_buff, bluetooth_port);
      |                 ^~~~~~~~~~~~~~~~~~
      |                 buffer_send_String
arm-none-eabi-gcc -o "Lab13Part4.elf" @"objects.list"   -mcpu=cortex-m4 -T"C:\Users\TuranyElijah\STM32CubeIDE\workspace_1.14.1\Lab13Part4\STM32L476RGTX_FLASH.ld" --specs=nosys.specs -Wl,-Map="Lab13Part4.map" -Wl,--gc-sections -static --specs=nano.specs -mfpu=fpv4-sp-d16 -mfloat-abi=hard -mthumb -Wl,--start-group -lc -lm -Wl,--end-group
Finished building target: Lab13Part4.elf
 
arm-none-eabi-size  Lab13Part4.elf 
arm-none-eabi-objdump -h -S Lab13Part4.elf  > "Lab13Part4.list"
   text	   data	    bss	    dec	    hex	filename
   2320	     44	   1700	   4064	    fe0	Lab13Part4.elf
Finished building: default.size.stdout
 
Finished building: Lab13Part4.list
 

11:50:34 Build Finished. 0 errors, 1 warnings. (took 2s.259ms)

